[    0.000000] Initializing cgroup subsys cpuset
[    0.000000] Initializing cgroup subsys cpu
[    0.000000] Initializing cgroup subsys cpuacct
[    0.000000] Linux version 3.18.0 (zhoutall@zhoutall) (gcc version 4.8.4 (Ubuntu 4.8.4-2ubuntu1~14.04) ) #14 SMP Mon Jul 13 12:49:24 CST 2015
[    0.000000] Command line: root=/dev/sda console=ttyS0 rdinit=/bin/sh
[    0.000000] KERNEL supported cpus:
[    0.000000]   Intel GenuineIntel
[    0.000000]   AMD AuthenticAMD
[    0.000000]   Centaur CentaurHauls
[    0.000000] e820: BIOS-provided physical RAM map:
[    0.000000] BIOS-e820: [mem 0x0000000000000000-0x000000000009fbff] usable
[    0.000000] BIOS-e820: [mem 0x000000000009fc00-0x000000000009ffff] reserved
[    0.000000] BIOS-e820: [mem 0x00000000000f0000-0x00000000000fffff] reserved
[    0.000000] BIOS-e820: [mem 0x0000000000100000-0x000000007fffdfff] usable
[    0.000000] BIOS-e820: [mem 0x000000007fffe000-0x000000007fffffff] reserved
[    0.000000] BIOS-e820: [mem 0x00000000fffc0000-0x00000000ffffffff] reserved
[    0.000000] NX (Execute Disable) protection: active
[    0.000000] SMBIOS 2.4 present.
[    0.000000] AGP: No AGP bridge found
[    0.000000] e820: last_pfn = 0x7fffe max_arch_pfn = 0x400000000
[    0.000000] x86 PAT enabled: cpu 0, old 0x7040600070406, new 0x7010600070106
[    0.000000] found SMP MP-table at [mem 0x000f0b70-0x000f0b7f] mapped at [ffff8800000f0b70]
[    0.000000] Scanning 1 areas for low memory corruption
[    0.000000] init_memory_mapping: [mem 0x00000000-0x000fffff]
[    0.000000] init_memory_mapping: [mem 0x7fc00000-0x7fdfffff]
[    0.000000] init_memory_mapping: [mem 0x7c000000-0x7fbfffff]
[    0.000000] init_memory_mapping: [mem 0x00100000-0x7bffffff]
[    0.000000] init_memory_mapping: [mem 0x7fe00000-0x7fffdfff]
[    0.000000] ACPI: Early table checksum verification disabled
[    0.000000] ACPI: RSDP 0x00000000000F09E0 000014 (v00 BOCHS )
[    0.000000] ACPI: RSDT 0x000000007FFFFBC1 000034 (v01 BOCHS  BXPCRSDT 00000001 BXPC 00000001)
[    0.000000] ACPI: FACP 0x000000007FFFF1C0 000074 (v01 BOCHS  BXPCFACP 00000001 BXPC 00000001)
[    0.000000] ACPI: DSDT 0x000000007FFFE040 001180 (v01 BOCHS  BXPCDSDT 00000001 BXPC 00000001)
[    0.000000] ACPI: FACS 0x000000007FFFE000 000040
[    0.000000] ACPI: SSDT 0x000000007FFFF234 0008DD (v01 BOCHS  BXPCSSDT 00000001 BXPC 00000001)
[    0.000000] ACPI: APIC 0x000000007FFFFB11 000078 (v01 BOCHS  BXPCAPIC 00000001 BXPC 00000001)
[    0.000000] ACPI: HPET 0x000000007FFFFB89 000038 (v01 BOCHS  BXPCHPET 00000001 BXPC 00000001)
[    0.000000] No NUMA configuration found
[    0.000000] Faking a node at [mem 0x0000000000000000-0x000000007fffdfff]
[    0.000000] NODE_DATA(0) allocated [mem 0x7fff9000-0x7fffdfff]
[    0.000000] [Daisy] in func zone_sizes_init
[    0.000000] [Daisy] max_zone_pfns 0: 4096
[    0.000000] [Daisy] max_zone_pfns 1: 1048576
[    0.000000] [Daisy] max_zone_pfns 2: 524286
[    0.000000] [Daisy] max_zone_pfns 3: 0
[    0.000000] Zone ranges:
[    0.000000]   DMA      [mem 0x00001000-0x00ffffff]
[    0.000000]   DMA32    [mem 0x01000000-0xffffffff]
[    0.000000]   Normal   empty
[    0.000000] Movable zone start for each node
[    0.000000] Early memory node ranges
[    0.000000]   node   0: [mem 0x00001000-0x0009efff]
[    0.000000]   node   0: [mem 0x00100000-0x7fffdfff]
[    0.000000] Initmem setup node 0 [mem 0x00001000-0x7fffdfff]
[    0.000000] ACPI: PM-Timer IO Port: 0xb008
[    0.000000] ACPI: LAPIC (acpi_id[0x00] lapic_id[0x00] enabled)
[    0.000000] ACPI: LAPIC_NMI (acpi_id[0xff] dfl dfl lint[0x1])
[    0.000000] ACPI: IOAPIC (id[0x00] address[0xfec00000] gsi_base[0])
[    0.000000] IOAPIC[0]: apic_id 0, version 17, address 0xfec00000, GSI 0-23
[    0.000000] ACPI: INT_SRC_OVR (bus 0 bus_irq 0 global_irq 2 dfl dfl)
[    0.000000] ACPI: INT_SRC_OVR (bus 0 bus_irq 5 global_irq 5 high level)
[    0.000000] ACPI: INT_SRC_OVR (bus 0 bus_irq 9 global_irq 9 high level)
[    0.000000] ACPI: INT_SRC_OVR (bus 0 bus_irq 10 global_irq 10 high level)
[    0.000000] ACPI: INT_SRC_OVR (bus 0 bus_irq 11 global_irq 11 high level)
[    0.000000] Using ACPI (MADT) for SMP configuration information
[    0.000000] ACPI: HPET id: 0x8086a201 base: 0xfed00000
[    0.000000] smpboot: Allowing 1 CPUs, 0 hotplug CPUs
[    0.000000] PM: Registered nosave memory: [mem 0x00000000-0x00000fff]
[    0.000000] PM: Registered nosave memory: [mem 0x0009f000-0x0009ffff]
[    0.000000] PM: Registered nosave memory: [mem 0x000a0000-0x000effff]
[    0.000000] PM: Registered nosave memory: [mem 0x000f0000-0x000fffff]
[    0.000000] e820: [mem 0x80000000-0xfffbffff] available for PCI devices
[    0.000000] Booting paravirtualized kernel on bare hardware
[    0.000000] setup_percpu: NR_CPUS:256 nr_cpumask_bits:256 nr_cpu_ids:1 nr_node_ids:1
[    0.000000] PERCPU: Embedded 30 pages/cpu @ffff88007fc00000 s82816 r8192 d31872 u2097152
[    0.000000] Built 1 zonelists in Node order, mobility grouping on.  Total pages: 515975
[    0.000000] Policy zone: DMA32
[    0.000000] Kernel command line: root=/dev/sda console=ttyS0 rdinit=/bin/sh
[    0.000000] PID hash table entries: 4096 (order: 3, 32768 bytes)
[    0.000000] AGP: Checking aperture...
[    0.000000] AGP: No AGP bridge found
[    0.000000] Memory: 2047268K/2096752K available (7460K kernel code, 1184K rwdata, 3476K rodata, 1368K init, 1332K bss, 49484K reserved)
[    0.000000] SLUB: HWalign=64, Order=0-3, MinObjects=0, CPUs=1, Nodes=1
[    0.000000] Hierarchical RCU implementation.
[    0.000000] 	RCU dyntick-idle grace-period acceleration is enabled.
[    0.000000] 	RCU restricting CPUs from NR_CPUS=256 to nr_cpu_ids=1.
[    0.000000] RCU: Adjusting geometry for rcu_fanout_leaf=16, nr_cpu_ids=1
[    0.000000] NR_IRQS:16640 nr_irqs:256 0
[    0.000000] 	Offload RCU callbacks from all CPUs
[    0.000000] 	Offload RCU callbacks from CPUs: 0.
[    0.000000] Console: colour VGA+ 80x25
[    0.000000] console [ttyS0] enabled
[    0.000000] allocated 8388608 bytes of page_cgroup
[    0.000000] please try 'cgroup_disable=memory' option if you don't want memory cgroups
[    0.000000] tsc: Fast TSC calibration using PIT
[    0.000000] tsc: Detected 3591.655 MHz processor
[    0.008904] Calibrating delay loop (skipped), value calculated using timer frequency.. 7183.31 BogoMIPS (lpj=14366620)
[    0.009364] pid_max: default: 32768 minimum: 301
[    0.009671] ACPI: Core revision 20140926
[    0.030850] ACPI: All ACPI Tables successfully acquired
[    0.032537] Security Framework initialized
[    0.033868] AppArmor: AppArmor initialized
[    0.033961] Yama: becoming mindful.
[    0.037595] Dentry cache hash table entries: 262144 (order: 9, 2097152 bytes)
[    0.040646] Inode-cache hash table entries: 131072 (order: 8, 1048576 bytes)
[    0.041901] Mount-cache hash table entries: 4096 (order: 3, 32768 bytes)
[    0.042068] Mountpoint-cache hash table entries: 4096 (order: 3, 32768 bytes)
[    0.047920] Initializing cgroup subsys memory
[    0.048342] Initializing cgroup subsys devices
[    0.048473] Initializing cgroup subsys freezer
[    0.048598] Initializing cgroup subsys blkio
[    0.048699] Initializing cgroup subsys perf_event
[    0.048816] Initializing cgroup subsys hugetlb
[    0.049911] mce: CPU supports 10 MCE banks
[    0.050587] Last level iTLB entries: 4KB 0, 2MB 0, 4MB 0
[    0.050587] Last level dTLB entries: 4KB 0, 2MB 0, 4MB 0, 1GB 0
[    0.223546] Freeing SMP alternatives memory: 28K (ffffffff81e80000 - ffffffff81e87000)
[    0.228836] ftrace: allocating 28779 entries in 113 pages
[    0.281386] ..TIMER: vector=0x30 apic1=0 pin1=2 apic2=-1 pin2=-1
[    0.321488] smpboot: CPU0: AMD QEMU Virtual CPU version 2.0.0 (fam: 06, model: 06, stepping: 03)
[    0.324000] Performance Events: Broken PMU hardware detected, using software events only.
[    0.324000] Failed to access perfctr msr (MSR c0010004 is 0)
[    0.333806] x86: Booted up 1 node, 1 CPUs
[    0.333937] smpboot: Total of 1 processors activated (7183.31 BogoMIPS)
[    0.337337] NMI watchdog: disabled (cpu0): hardware events not enabled
[    0.342063] devtmpfs: initialized
[    0.354604] evm: security.selinux
[    0.354675] evm: security.SMACK64
[    0.354731] evm: security.ima
[    0.354780] evm: security.capability
[    0.361687] pinctrl core: initialized pinctrl subsystem
[    0.364328] regulator-dummy: no parameters
[    0.364959] RTC time:  4:52:49, date: 07/13/15
[    0.368054] NET: Registered protocol family 16
[    0.370486] cpuidle: using governor ladder
[    0.370637] cpuidle: using governor menu
[    0.371150] ACPI: bus type PCI registered
[    0.371268] acpiphp: ACPI Hot Plug PCI Controller Driver version: 0.5
[    0.372601] PCI: Using configuration type 1 for base access
[    0.387054] ACPI: Added _OSI(Module Device)
[    0.387141] ACPI: Added _OSI(Processor Device)
[    0.387215] ACPI: Added _OSI(3.0 _SCP Extensions)
[    0.387290] ACPI: Added _OSI(Processor Aggregator Device)
[    0.407809] ACPI: Interpreter enabled
[    0.408068] ACPI Exception: AE_NOT_FOUND, While evaluating Sleep State [\_S1_] (20140926/hwxface-580)
[    0.408291] ACPI Exception: AE_NOT_FOUND, While evaluating Sleep State [\_S2_] (20140926/hwxface-580)
[    0.408807] ACPI: (supports S0 S3 S4 S5)
[    0.408894] ACPI: Using IOAPIC for interrupt routing
[    0.409233] PCI: Using host bridge windows from ACPI; if necessary, use "pci=nocrs" and report a bug
[    0.431830] ACPI: PCI Root Bridge [PCI0] (domain 0000 [bus 00-ff])
[    0.432226] acpi PNP0A03:00: _OSC: OS supports [ASPM ClockPM Segments MSI]
[    0.432430] acpi PNP0A03:00: _OSC failed (AE_NOT_FOUND); disabling ASPM
[    0.433817] acpi PNP0A03:00: fail to add MMCONFIG information, can't access extended PCI configuration space under this bridge.
[    0.436845] acpiphp: Slot [3] registered
[    0.437010] acpiphp: Slot [4] registered
[    0.437170] acpiphp: Slot [5] registered
[    0.437312] acpiphp: Slot [6] registered
[    0.437466] acpiphp: Slot [7] registered
[    0.437611] acpiphp: Slot [8] registered
[    0.437754] acpiphp: Slot [9] registered
[    0.437899] acpiphp: Slot [10] registered
[    0.438044] acpiphp: Slot [11] registered
[    0.438242] acpiphp: Slot [12] registered
[    0.438385] acpiphp: Slot [13] registered
[    0.438536] acpiphp: Slot [14] registered
[    0.438678] acpiphp: Slot [15] registered
[    0.438817] acpiphp: Slot [16] registered
[    0.438957] acpiphp: Slot [17] registered
[    0.439106] acpiphp: Slot [18] registered
[    0.439246] acpiphp: Slot [19] registered
[    0.439386] acpiphp: Slot [20] registered
[    0.439534] acpiphp: Slot [21] registered
[    0.439675] acpiphp: Slot [22] registered
[    0.439815] acpiphp: Slot [23] registered
[    0.439954] acpiphp: Slot [24] registered
[    0.440092] acpiphp: Slot [25] registered
[    0.440234] acpiphp: Slot [26] registered
[    0.440387] acpiphp: Slot [27] registered
[    0.440537] acpiphp: Slot [28] registered
[    0.440680] acpiphp: Slot [29] registered
[    0.440820] acpiphp: Slot [30] registered
[    0.440965] acpiphp: Slot [31] registered
[    0.441066] PCI host bridge to bus 0000:00
[    0.441233] pci_bus 0000:00: root bus resource [bus 00-ff]
[    0.441413] pci_bus 0000:00: root bus resource [io  0x0000-0x0cf7]
[    0.441516] pci_bus 0000:00: root bus resource [io  0x0d00-0xadff]
[    0.441615] pci_bus 0000:00: root bus resource [io  0xae0f-0xaeff]
[    0.441712] pci_bus 0000:00: root bus resource [io  0xaf20-0xafdf]
[    0.441810] pci_bus 0000:00: root bus resource [io  0xafe4-0xffff]
[    0.441916] pci_bus 0000:00: root bus resource [mem 0x000a0000-0x000bffff]
[    0.442024] pci_bus 0000:00: root bus resource [mem 0x80000000-0xfebfffff]
[    0.446826] pci 0000:00:01.1: legacy IDE quirk: reg 0x10: [io  0x01f0-0x01f7]
[    0.446960] pci 0000:00:01.1: legacy IDE quirk: reg 0x14: [io  0x03f6]
[    0.447086] pci 0000:00:01.1: legacy IDE quirk: reg 0x18: [io  0x0170-0x0177]
[    0.447207] pci 0000:00:01.1: legacy IDE quirk: reg 0x1c: [io  0x0376]
[    0.448110] pci 0000:00:01.3: quirk: [io  0xb000-0xb03f] claimed by PIIX4 ACPI
[    0.448245] pci 0000:00:01.3: quirk: [io  0xb100-0xb10f] claimed by PIIX4 SMB
[    0.459304] ACPI: PCI Interrupt Link [LNKA] (IRQs 5 *10 11)
[    0.460014] ACPI: PCI Interrupt Link [LNKB] (IRQs 5 *10 11)
[    0.460527] ACPI: PCI Interrupt Link [LNKC] (IRQs 5 10 *11)
[    0.461028] ACPI: PCI Interrupt Link [LNKD] (IRQs 5 10 *11)
[    0.461315] ACPI: PCI Interrupt Link [LNKS] (IRQs *9)
[    0.463006] ACPI: Enabled 16 GPEs in block 00 to 0F
[    0.465393] vgaarb: setting as boot device: PCI:0000:00:02.0
[    0.465547] vgaarb: device added: PCI:0000:00:02.0,decodes=io+mem,owns=io+mem,locks=none
[    0.465686] vgaarb: loaded
[    0.465773] vgaarb: bridge control possible 0000:00:02.0
[    0.467941] SCSI subsystem initialized
[    0.468777] ACPI: bus type USB registered
[    0.469096] usbcore: registered new interface driver usbfs
[    0.469385] usbcore: registered new interface driver hub
[    0.469601] usbcore: registered new device driver usb
[    0.471091] PCI: Using ACPI for IRQ routing
[    0.474962] NetLabel: Initializing
[    0.475043] NetLabel:  domain hash size = 128
[    0.475116] NetLabel:  protocols = UNLABELED CIPSOv4
[    0.475803] NetLabel:  unlabeled traffic allowed by default
[    0.476568] HPET: 3 timers in total, 0 timers will be used for per-cpu timer
[    0.476816] hpet0: at MMIO 0xfed00000, IRQs 2, 8, 0
[    0.476955] hpet0: 3 comparators, 64-bit 100.000000 MHz counter
[    0.483321] Switched to clocksource hpet
[    0.536949] AppArmor: AppArmor Filesystem Enabled
[    0.537659] pnp: PnP ACPI init
[    0.542023] pnp: PnP ACPI: found 6 devices
[    0.561753] NET: Registered protocol family 2
[    0.563979] TCP established hash table entries: 16384 (order: 5, 131072 bytes)
[    0.564473] TCP bind hash table entries: 16384 (order: 6, 262144 bytes)
[    0.564790] TCP: Hash tables configured (established 16384 bind 16384)
[    0.565107] TCP: reno registered
[    0.565260] UDP hash table entries: 1024 (order: 3, 32768 bytes)
[    0.565477] UDP-Lite hash table entries: 1024 (order: 3, 32768 bytes)
[    0.566675] NET: Registered protocol family 1
[    0.566932] pci 0000:00:00.0: Limiting direct PCI/PCI transfers
[    0.567063] pci 0000:00:01.0: PIIX3: Enabling Passive Release
[    0.567228] pci 0000:00:01.0: Activating ISA DMA hang workarounds
[    0.571585] microcode: AMD CPU family 0x6 not supported
[    0.571920] Scanning for low memory corruption every 60 seconds
[    0.574378] futex hash table entries: 256 (order: 2, 16384 bytes)
[    0.574776] Initialise system trusted keyring
[    0.575310] audit: initializing netlink subsys (disabled)
[    0.575920] audit: type=2000 audit(1436763168.572:1): initialized
[    0.578456] HugeTLB registered 2 MB page size, pre-allocated 0 pages
[    0.591200] zpool: loaded
[    0.591267] zbud: loaded
[    0.592719] VFS: Disk quotas dquot_6.5.2
[    0.593087] Dquot-cache hash table entries: 512 (order 0, 4096 bytes)
[    0.598258] fuse init (API version 7.23)
[    0.599149] msgmni has been set to 3998
[    0.599862] Key type big_key registered
[    0.604494] Key type asymmetric registered
[    0.604603] Asymmetric key parser 'x509' registered
[    0.605020] Block layer SCSI generic (bsg) driver version 0.4 loaded (major 252)
[    0.605473] io scheduler noop registered
[    0.605575] io scheduler deadline registered (default)
[    0.605940] io scheduler cfq registered
[    0.606912] pci_hotplug: PCI Hot Plug PCI Core version: 0.5
[    0.607492] pciehp: PCI Express Hot Plug Controller Driver version: 0.4
[    0.608793] ipmi message handler version 39.2
[    0.610014] input: Power Button as /devices/LNXSYSTM:00/LNXPWRBN:00/input/input0
[    0.610429] ACPI: Power Button [PWRF]
[    0.612340] GHES: HEST is not enabled!
[    0.613219] Serial: 8250/16550 driver, 32 ports, IRQ sharing enabled
[    0.635324] serial 00:05: ttyS0 at I/O 0x3f8 (irq = 4, base_baud = 115200) is a 16550A
[    0.646525] Linux agpgart interface v0.103
[    0.657442] brd: module loaded
[    0.662563] loop: module loaded
[    0.668861] scsi host0: ata_piix
[    0.670006] scsi host1: ata_piix
[    0.670446] ata1: PATA max MWDMA2 cmd 0x1f0 ctl 0x3f6 bmdma 0xc040 irq 14
[    0.670582] ata2: PATA max MWDMA2 cmd 0x170 ctl 0x376 bmdma 0xc048 irq 15
[    0.675546] libphy: Fixed MDIO Bus: probed
[    0.676592] tun: Universal TUN/TAP device driver, 1.6
[    0.676684] tun: (C) 1999-2004 Max Krasnyansky <maxk@qualcomm.com>
[    0.677512] PPP generic driver version 2.4.2
[    0.678083] ehci_hcd: USB 2.0 'Enhanced' Host Controller (EHCI) Driver
[    0.678249] ehci-pci: EHCI PCI platform driver
[    0.678439] ehci-platform: EHCI generic platform driver
[    0.678600] ohci_hcd: USB 1.1 'Open' Host Controller (OHCI) Driver
[    0.678762] ohci-pci: OHCI PCI platform driver
[    0.678962] ohci-platform: OHCI generic platform driver
[    0.679121] uhci_hcd: USB Universal Host Controller Interface driver
[    0.679836] i8042: PNP: PS/2 Controller [PNP0303:KBD,PNP0f13:MOU] at 0x60,0x64 irq 1,12
[    0.681616] serio: i8042 KBD port at 0x60,0x64 irq 1
[    0.681809] serio: i8042 AUX port at 0x60,0x64 irq 12
[    0.682944] mousedev: PS/2 mouse device common for all mice
[    0.684781] input: AT Translated Set 2 keyboard as /devices/platform/i8042/serio0/input/input1
[    0.686117] rtc_cmos 00:00: RTC can wake from S4
[    0.687342] rtc_cmos 00:00: rtc core: registered rtc_cmos as rtc0
[    0.687801] rtc_cmos 00:00: alarms up to one day, 114 bytes nvram, hpet irqs
[    0.688601] device-mapper: uevent: version 1.0.3
[    0.689361] device-mapper: ioctl: 4.28.0-ioctl (2014-09-17) initialised: dm-devel@redhat.com
[    0.689816] ledtrig-cpu: registered to indicate activity on CPUs
[    0.690530] TCP: cubic registered
[    0.691587] NET: Registered protocol family 10
[    0.695081] NET: Registered protocol family 17
[    0.695346] Key type dns_resolver registered
[    0.697405] Loading compiled-in X.509 certificates
[    0.702869] Loaded X.509 cert 'Magrathea: Glacier signing key: 070ae9a09da9b6a81711c9feb41bfc3d46ace7ed'
[    0.703208] registered taskstats version 1
[    0.707316] Key type trusted registered
[    0.708365] Key type encrypted registered
[    0.709576] AppArmor: AppArmor sha1 policy hashing enabled
[    0.709798] ima: No TPM chip found, activating TPM-bypass!
[    0.710816] evm: HMAC attrs: 0x1
[    0.712566]   Magic number: 7:742:868
[    0.713081] rtc_cmos 00:00: setting system clock to 2015-07-13 04:52:49 UTC (1436763169)
[    0.714324] BIOS EDD facility v0.16 2004-Jun-25, 0 devices found
[    0.714438] EDD information not available.
[    0.840112] ata2.00: ATAPI: QEMU DVD-ROM, 2.0.0, max UDMA/100
[    0.842848] ata1.00: ATA-7: QEMU HARDDISK, 2.0.0, max UDMA/100
[    0.843211] ata1.00: 40960 sectors, multi 16: LBA48 
[    0.844253] ata1.00: configured for MWDMA2
[    0.849424] scsi 0:0:0:0: Direct-Access     ATA      QEMU HARDDISK    0    PQ: 0 ANSI: 5
[    0.850244] ata2.00: configured for MWDMA2
[    0.852758] sd 0:0:0:0: [sda] 40960 512-byte logical blocks: (20.9 MB/20.0 MiB)
[    0.853888] sd 0:0:0:0: [sda] Write Protect is off
[    0.854265] sd 0:0:0:0: [sda] Write cache: enabled, read cache: enabled, doesn't support DPO or FUA
[    0.856604] sd 0:0:0:0: Attached scsi generic sg0 type 0
[    0.857984] scsi 1:0:0:0: CD-ROM            QEMU     QEMU DVD-ROM     2.0. PQ: 0 ANSI: 5
[    0.863156]  sda:
[    0.865256] sr 1:0:0:0: [sr0] scsi3-mmc drive: 4x/4x cd/rw xa/form2 tray
[    0.865456] cdrom: Uniform CD-ROM driver Revision: 3.20
[    0.866553] sr 1:0:0:0: Attached scsi generic sg1 type 5
[    0.869736] sd 0:0:0:0: [sda] Attached SCSI disk
[    0.870063] md: Waiting for all devices to be available before autodetect
[    0.870178] md: If you don't use raid, use raid=noautodetect
[    0.871676] md: Autodetecting RAID arrays.
[    0.871761] md: Scanned 0 and added 0 devices.
[    0.871837] md: autorun ...
[    0.871890] md: ... autorun DONE.
[    0.874824] EXT4-fs (sda): couldn't mount as ext3 due to feature incompatibilities
[    0.875978] EXT4-fs (sda): mounting ext2 file system using the ext4 subsystem
[    0.884781] EXT4-fs (sda): mounted filesystem without journal. Opts: (null)
[    0.885212] VFS: Mounted root (ext2 filesystem) readonly on device 8:0.
[    0.890737] devtmpfs: mounted
[    0.914642] Freeing unused kernel memory: 1368K (ffffffff81d2a000 - ffffffff81e80000)
[    0.914810] Write protecting the kernel read-only data: 12288k
[    0.923632] Freeing unused kernel memory: 720K (ffff88000174c000 - ffff880001800000)
[    0.930439] Freeing unused kernel memory: 620K (ffff880001b65000 - ffff880001c00000)
[    1.062778] EXT4-fs (sda): warning: mounting unchecked fs, running e2fsck is recommended
[    1.063890] EXT4-fs (sda): re-mounted. Opts: 
mount: mount point /dev/pts does not exist

Linux version 3.18.0 (zhoutall@zhoutall) (gcc version 4.8.4 (Ubuntu 4.8.4-2ubuntu1~14.04) ) #14 SMP Mon Jul 13 12:49:24 CST 2015

QEMU Linux test distribution (based on Redhat 9)

Type 'exit' to halt the system

SIOCSIFADDR: No such device
eth0: unknown interface: No such device
SIOCADDRT: Network is unreachable
sh-2.05b# [    1.570341] tsc: Refined TSC clocksource calibration: 3591.687 MHz
[    2.570910] Switched to clocksource tsc
